// Jest Snapshot v1, https://goo.gl/fbAQLP

exports[`overriding styles via className 1`] = `
.css-13vote6,
[data-css-13vote6] {
  color: green;
  font-size: 20px;
}

<div
  class="css-13vote6"
/>
`;

exports[`overriding styles via css prop 1`] = `
.css-s7n3hr,
[data-css-s7n3hr] {
  color: red;
  font-size: 25px;
}

<div
  class="css-s7n3hr"
/>
`;

exports[`overriding styles via wrapping with glamorous 1`] = `
.css-1evjunj,
[data-css-1evjunj] {
  color: blue;
  font-size: 20px;
}

<div
  class="css-1evjunj"
/>
`;

exports[`withComponent composes the component with provided styles 1`] = `
.css-5qt57y,
[data-css-5qt57y] {
  color: red;
  font-size: 20px;
}

<div
  class="css-5qt57y"
/>
`;
